// Jest Snapshot v1, https://goo.gl/fbAQLP

exports[`Sports should match snapshot 1`] = `
Object {
  "asFragment": [Function],
  "baseElement": <body>
    <div>
      <div
        class="relative"
      >
        <div>
          <div
            class=""
          >
            <label
              class="block text-sm font-medium text-gray-700 sr-only"
              for="selectSport"
            >
              Select sport
            </label>
          </div>
          <div
            class="flex"
          >
            <select
              class="focus:ring-indigo-500 focus:border-indigo-500 block w-full sm:text-sm border-gray-300 rounded cursor-pointer"
              data-testid="sports-select"
              disabled=""
              id="selectSport"
            >
              <option
                disabled=""
                value=""
              >
                Select sport
              </option>
            </select>
          </div>
        </div>
      </div>
    </div>
  </body>,
  "container": <div>
    <div
      class="relative"
    >
      <div>
        <div
          class=""
        >
          <label
            class="block text-sm font-medium text-gray-700 sr-only"
            for="selectSport"
          >
            Select sport
          </label>
        </div>
        <div
          class="flex"
        >
          <select
            class="focus:ring-indigo-500 focus:border-indigo-500 block w-full sm:text-sm border-gray-300 rounded cursor-pointer"
            data-testid="sports-select"
            disabled=""
            id="selectSport"
          >
            <option
              disabled=""
              value=""
            >
              Select sport
            </option>
          </select>
        </div>
      </div>
    </div>
  </div>,
  "debug": [Function],
  "findAllByAltText": [Function],
  "findAllByDisplayValue": [Function],
  "findAllByLabelText": [Function],
  "findAllByPlaceholderText": [Function],
  "findAllByRole": [Function],
  "findAllByTestId": [Function],
  "findAllByText": [Function],
  "findAllByTitle": [Function],
  "findByAltText": [Function],
  "findByDisplayValue": [Function],
  "findByLabelText": [Function],
  "findByPlaceholderText": [Function],
  "findByRole": [Function],
  "findByTestId": [Function],
  "findByText": [Function],
  "findByTitle": [Function],
  "getAllByAltText": [Function],
  "getAllByDisplayValue": [Function],
  "getAllByLabelText": [Function],
  "getAllByPlaceholderText": [Function],
  "getAllByRole": [Function],
  "getAllByTestId": [Function],
  "getAllByText": [Function],
  "getAllByTitle": [Function],
  "getByAltText": [Function],
  "getByDisplayValue": [Function],
  "getByLabelText": [Function],
  "getByPlaceholderText": [Function],
  "getByRole": [Function],
  "getByTestId": [Function],
  "getByText": [Function],
  "getByTitle": [Function],
  "queryAllByAltText": [Function],
  "queryAllByDisplayValue": [Function],
  "queryAllByLabelText": [Function],
  "queryAllByPlaceholderText": [Function],
  "queryAllByRole": [Function],
  "queryAllByTestId": [Function],
  "queryAllByText": [Function],
  "queryAllByTitle": [Function],
  "queryByAltText": [Function],
  "queryByDisplayValue": [Function],
  "queryByLabelText": [Function],
  "queryByPlaceholderText": [Function],
  "queryByRole": [Function],
  "queryByTestId": [Function],
  "queryByText": [Function],
  "queryByTitle": [Function],
  "rerender": [Function],
  "store": Object {
    "@@observable": [Function],
    "dispatch": [Function],
    "getState": [Function],
    "replaceReducer": [Function],
    "subscribe": [Function],
  },
  "unmount": [Function],
}
`;
