// Jest Snapshot v1, https://goo.gl/fbAQLP

exports[`Contests should match snapshot 1`] = `
Object {
  "asFragment": [Function],
  "baseElement": <body>
    <div>
      <div
        aria-expanded="false"
        aria-haspopup="listbox"
        aria-owns="downshift-0-menu"
        class="relative z-20"
        data-testid="downshift"
        role="combobox"
      >
        <label
          class="hidden"
          for="downshift-0-input"
          id="downshift-0-label"
        >
          Search contest by ID or name
        </label>
        <input
          aria-autocomplete="list"
          aria-controls="downshift-0-menu"
          aria-labelledby="downshift-0-label"
          autocomplete="off"
          class="md:min-w-dropdown h-full shadow appearance-none border rounded w-full py-3 px-4 pr-12 text-gray-700 leading-tight focus:outline-none focus:shadow-outline truncate"
          id="downshift-0-input"
          placeholder="Search contest by ID or name"
          value=""
        />
        <button
          class="absolute inset-y-0 right-0 px-2 text-gray-700 border-l border-gray-300"
          id="downshift-0-toggle-button"
          tabindex="-1"
          type="button"
        >
          <svg
            class="fill-current"
            height="24"
            viewBox="0 0 24 24"
            width="24"
            xmlns="http://www.w3.org/2000/svg"
          >
            <g
              data-name="Layer 2"
            >
              <g
                data-name="chevron-down"
              >
                <rect
                  height="24"
                  opacity="0"
                  width="24"
                />
                <path
                  d="M12 15.5a1 1 0 0 1-.71-.29l-4-4a1 1 0 1 1 1.42-1.42L12 13.1l3.3-3.18a1 1 0 1 1 1.38 1.44l-4 3.86a1 1 0 0 1-.68.28z"
                />
              </g>
            </g>
          </svg>
          <span
            class="sr-only"
          >
            Down
          </span>
        </button>
        <ul
          aria-labelledby="downshift-0-label"
          class=""
          id="downshift-0-menu"
          role="listbox"
        />
      </div>
      <div
        style="position: fixed; right: 1rem; top: 1rem; z-index: 99;"
      />
    </div>
  </body>,
  "container": <div>
    <div
      aria-expanded="false"
      aria-haspopup="listbox"
      aria-owns="downshift-0-menu"
      class="relative z-20"
      data-testid="downshift"
      role="combobox"
    >
      <label
        class="hidden"
        for="downshift-0-input"
        id="downshift-0-label"
      >
        Search contest by ID or name
      </label>
      <input
        aria-autocomplete="list"
        aria-controls="downshift-0-menu"
        aria-labelledby="downshift-0-label"
        autocomplete="off"
        class="md:min-w-dropdown h-full shadow appearance-none border rounded w-full py-3 px-4 pr-12 text-gray-700 leading-tight focus:outline-none focus:shadow-outline truncate"
        id="downshift-0-input"
        placeholder="Search contest by ID or name"
        value=""
      />
      <button
        class="absolute inset-y-0 right-0 px-2 text-gray-700 border-l border-gray-300"
        id="downshift-0-toggle-button"
        tabindex="-1"
        type="button"
      >
        <svg
          class="fill-current"
          height="24"
          viewBox="0 0 24 24"
          width="24"
          xmlns="http://www.w3.org/2000/svg"
        >
          <g
            data-name="Layer 2"
          >
            <g
              data-name="chevron-down"
            >
              <rect
                height="24"
                opacity="0"
                width="24"
              />
              <path
                d="M12 15.5a1 1 0 0 1-.71-.29l-4-4a1 1 0 1 1 1.42-1.42L12 13.1l3.3-3.18a1 1 0 1 1 1.38 1.44l-4 3.86a1 1 0 0 1-.68.28z"
              />
            </g>
          </g>
        </svg>
        <span
          class="sr-only"
        >
          Down
        </span>
      </button>
      <ul
        aria-labelledby="downshift-0-label"
        class=""
        id="downshift-0-menu"
        role="listbox"
      />
    </div>
    <div
      style="position: fixed; right: 1rem; top: 1rem; z-index: 99;"
    />
  </div>,
  "debug": [Function],
  "findAllByAltText": [Function],
  "findAllByDisplayValue": [Function],
  "findAllByLabelText": [Function],
  "findAllByPlaceholderText": [Function],
  "findAllByRole": [Function],
  "findAllByTestId": [Function],
  "findAllByText": [Function],
  "findAllByTitle": [Function],
  "findByAltText": [Function],
  "findByDisplayValue": [Function],
  "findByLabelText": [Function],
  "findByPlaceholderText": [Function],
  "findByRole": [Function],
  "findByTestId": [Function],
  "findByText": [Function],
  "findByTitle": [Function],
  "getAllByAltText": [Function],
  "getAllByDisplayValue": [Function],
  "getAllByLabelText": [Function],
  "getAllByPlaceholderText": [Function],
  "getAllByRole": [Function],
  "getAllByTestId": [Function],
  "getAllByText": [Function],
  "getAllByTitle": [Function],
  "getByAltText": [Function],
  "getByDisplayValue": [Function],
  "getByLabelText": [Function],
  "getByPlaceholderText": [Function],
  "getByRole": [Function],
  "getByTestId": [Function],
  "getByText": [Function],
  "getByTitle": [Function],
  "queryAllByAltText": [Function],
  "queryAllByDisplayValue": [Function],
  "queryAllByLabelText": [Function],
  "queryAllByPlaceholderText": [Function],
  "queryAllByRole": [Function],
  "queryAllByTestId": [Function],
  "queryAllByText": [Function],
  "queryAllByTitle": [Function],
  "queryByAltText": [Function],
  "queryByDisplayValue": [Function],
  "queryByLabelText": [Function],
  "queryByPlaceholderText": [Function],
  "queryByRole": [Function],
  "queryByTestId": [Function],
  "queryByText": [Function],
  "queryByTitle": [Function],
  "rerender": [Function],
  "store": Object {
    "@@observable": [Function],
    "dispatch": [Function],
    "getState": [Function],
    "replaceReducer": [Function],
    "subscribe": [Function],
  },
  "unmount": [Function],
}
`;
